>>> 加载轨迹数据...
    卫星文件数: 10, 时间步数: 6000
>>> 实验使用时间步数: 200
   [进度] 0/200 (t=0ms)
   [进度] 50/200 (t=5000ms)
   [进度] 100/200 (t=10000ms)
   [进度] 150/200 (t=15000ms)

===========================================================================
实验二结果汇总 — 动态拓扑稳定性验证
===========================================================================
指标                              Baseline1    Baseline2   YourMethod
---------------------------------------------------------------------------
路由重构次数 (Flaps)                       620         423         379
任务完成率                              32.6%       34.1%       66.0%
时延抖动 (ms)                           3.09        2.61        1.80
平均恢复时间 (steps)                      3.64        3.96        2.63
平均时延 (ms)                           3.54        3.37        4.03
---------------------------------------------------------------------------

Your Method vs Baseline1:
  路由切换减少: 38.9%
  抖动降低:     41.7%
  恢复加速:     27.7%
  成功率提升:   +33.4pp
===========================================================================
>>> 图表已保存: C:\Users\Xcroi\Desktop\Network-Technology-Challenge-project\src\S3\experiment2_results\experiment2_comparison.png
>>> 时序图已保存: C:\Users\Xcroi\Desktop\Network-Technology-Challenge-project\src\S3\experiment2_results\experiment2_delay_timeline.png
>>> 指标数据已保存: C:\Users\Xcroi\Desktop\Network-Technology-Challenge-project\src\S3\experiment2_results\metrics.json
