>>> 加载轨迹数据...
    卫星文件数: 10, 时间步数: 6000
>>> 实验使用时间步数: 200
   [进度] 0/200 (t=0ms)
   [进度] 50/200 (t=5000ms)
   [进度] 100/200 (t=10000ms)
   [进度] 150/200 (t=15000ms)

=================================================================
实验一结果汇总
=================================================================
指标                           Baseline1    Baseline2   YourMethod
-----------------------------------------------------------------
平均下载时延 (ms)                    4005.9      4003.5      2624.0
网络总流量 (GB)                      19.53       12.03        5.63
缓存命中率                            0.0%       54.9%       80.4%
回源比例                           100.0%       45.1%       19.6%
-----------------------------------------------------------------

Your Method vs Baseline1:
  时延下降: 34.5%  (目标: 20%–50%)
  流量减少: 71.2%  (目标: 30%+)
=================================================================
>>> 图表已保存: C:\Users\Xcroi\Desktop\Network-Technology-Challenge-project\src\S3\experiment1_results\experiment1_comparison.png
>>> 指标数据已保存: C:\Users\Xcroi\Desktop\Network-Technology-Challenge-project\src\S3\experiment1_results\metrics.json
